<?xml version="1.0" encoding="UTF-8"?>
<TestRun id="e3e11d7e-5ba4-4d8f-84e8-bc783c5ede8d" name="Rogério Augusto@MACBOOKVM 2010-01-31 09:22:20" runUser="MacBookVM\Rogério Augusto" xmlns="http://microsoft.com/schemas/VisualStudio/TeamTest/2010">
  <TestSettings name="Local" id="08443768-adce-4fa3-bb05-8648206f458b">
    <Description>These are default test settings for a local test run.</Description>
    <Deployment enabled="false" runDeploymentRoot="Rogério Augusto_MACBOOKVM 2010-01-31 09_22_20">
      <DeploymentItem filename="C:\Users\Rogério Augusto\Documents\Visual Studio 2010\Projects\Potter\Domain\bin\Debug\Domain.dll" />
    </Deployment>
    <Execution>
      <TestTypeSpecific />
      <AgentRule name="Execution Agents">
      </AgentRule>
    </Execution>
  </TestSettings>
  <Times creation="2010-01-31T09:22:20.3320312-02:00" queuing="2010-01-31T09:22:20.5830078-02:00" start="2010-01-31T09:22:20.9960937-02:00" finish="2010-01-31T09:22:22.3652344-02:00" />
  <ResultSummary outcome="Completed">
    <Counters total="1" executed="1" passed="1" error="0" failed="0" timeout="0" aborted="0" inconclusive="0" passedButRunAborted="0" notRunnable="0" notExecuted="0" disconnected="0" warning="0" completed="0" inProgress="0" pending="0" />
  </ResultSummary>
  <TestDefinitions>
    <UnitTest name="BasketShouldGiveDiscountsGroupingBookSequences" storage="c:\users\rogério augusto\documents\visual studio 2010\projects\potter\potterdomaintest\bin\debug\potterdomaintest.dll" id="1d4125c7-c2a4-c3e0-e417-641788e06690">
      <Execution id="c9c7b1be-a5d1-410b-8b1e-fa397f42ab7c" />
      <TestMethod codeBase="C:/Users/Rogério Augusto/documents/visual studio 2010/Projects/Potter/PotterDomainTest/bin/Debug/PotterDomainTest.DLL" adapterTypeName="Microsoft.VisualStudio.TestTools.TestTypes.Unit.UnitTestAdapter, Microsoft.VisualStudio.QualityTools.Tips.UnitTest.Adapter, Version=10.0.0.0, Culture=neutral, PublicKeyToken=b03f5f7f11d50a3a" className="PotterDomainTest.BasketDiscountsTest, PotterDomainTest, Version=1.0.0.0, Culture=neutral, PublicKeyToken=null" name="BasketShouldGiveDiscountsGroupingBookSequences" />
    </UnitTest>
  </TestDefinitions>
  <TestLists>
    <TestList name="Results Not in a List" id="8c84fa94-04c1-424b-9868-57a2d4851a1d" />
    <TestList name="All Loaded Results" id="19431567-8539-422a-85d7-44ee4e166bda" />
  </TestLists>
  <TestEntries>
    <TestEntry testId="1d4125c7-c2a4-c3e0-e417-641788e06690" executionId="c9c7b1be-a5d1-410b-8b1e-fa397f42ab7c" testListId="8c84fa94-04c1-424b-9868-57a2d4851a1d" />
  </TestEntries>
  <Results>
    <UnitTestResult executionId="c9c7b1be-a5d1-410b-8b1e-fa397f42ab7c" testId="1d4125c7-c2a4-c3e0-e417-641788e06690" testName="BasketShouldGiveDiscountsGroupingBookSequences" computerName="MACBOOKVM" duration="00:00:00.0269467" startTime="2010-01-31T09:22:21.1347656-02:00" endTime="2010-01-31T09:22:21.9521484-02:00" testType="13cdc9d9-ddb5-4fa4-a97d-d965ccfc6d4b" outcome="Passed" testListId="8c84fa94-04c1-424b-9868-57a2d4851a1d" relativeResultsDirectory="c9c7b1be-a5d1-410b-8b1e-fa397f42ab7c">
    </UnitTestResult>
  </Results>
</TestRun>