<?xml version="1.0" encoding="UTF-8"?>
<TestRun id="ee91d3c3-8763-4590-84d6-7f53955e28b9" name="Rogério Augusto@MACBOOKVM 2010-01-31 09:04:16" runUser="MacBookVM\Rogério Augusto" xmlns="http://microsoft.com/schemas/VisualStudio/TeamTest/2010">
  <TestSettings name="Local" id="08443768-adce-4fa3-bb05-8648206f458b">
    <Description>These are default test settings for a local test run.</Description>
    <Deployment enabled="false" runDeploymentRoot="Rogério Augusto_MACBOOKVM 2010-01-31 09_04_16">
      <DeploymentItem filename="C:\Users\Rogério Augusto\Documents\Visual Studio 2010\Projects\Potter\Domain\bin\Debug\Domain.dll" />
    </Deployment>
    <Execution>
      <TestTypeSpecific />
      <AgentRule name="Execution Agents">
      </AgentRule>
    </Execution>
  </TestSettings>
  <Times creation="2010-01-31T09:04:16.9365234-02:00" queuing="2010-01-31T09:04:17.1210937-02:00" start="2010-01-31T09:04:17.7626953-02:00" finish="2010-01-31T09:04:20.8222656-02:00" />
  <ResultSummary outcome="Failed">
    <Counters total="1" executed="1" error="0" failed="1" timeout="0" aborted="0" inconclusive="0" passedButRunAborted="0" notRunnable="0" notExecuted="0" disconnected="0" warning="0" passed="0" completed="0" inProgress="0" pending="0" />
  </ResultSummary>
  <TestDefinitions>
    <UnitTest name="TwoDifferentBooksShouldGiveFivePercentDiscount" storage="c:\users\rogério augusto\documents\visual studio 2010\projects\potter\potterdomaintest\bin\debug\potterdomaintest.dll" id="9f1f1ae2-d2b6-115a-e0de-e08cc832815c">
      <Execution id="f5036b57-1e25-4075-9db3-f7619e885fb8" />
      <TestMethod codeBase="C:/Users/Rogério Augusto/documents/visual studio 2010/Projects/Potter/PotterDomainTest/bin/Debug/PotterDomainTest.DLL" adapterTypeName="Microsoft.VisualStudio.TestTools.TestTypes.Unit.UnitTestAdapter, Microsoft.VisualStudio.QualityTools.Tips.UnitTest.Adapter, Version=10.0.0.0, Culture=neutral, PublicKeyToken=b03f5f7f11d50a3a" className="PotterDomainTest.BasketDiscountsTest, PotterDomainTest, Version=1.0.0.0, Culture=neutral, PublicKeyToken=null" name="TwoDifferentBooksShouldGiveFivePercentDiscount" />
    </UnitTest>
  </TestDefinitions>
  <TestLists>
    <TestList name="Results Not in a List" id="8c84fa94-04c1-424b-9868-57a2d4851a1d" />
    <TestList name="All Loaded Results" id="19431567-8539-422a-85d7-44ee4e166bda" />
  </TestLists>
  <TestEntries>
    <TestEntry testId="9f1f1ae2-d2b6-115a-e0de-e08cc832815c" executionId="f5036b57-1e25-4075-9db3-f7619e885fb8" testListId="8c84fa94-04c1-424b-9868-57a2d4851a1d" />
  </TestEntries>
  <Results>
    <UnitTestResult executionId="f5036b57-1e25-4075-9db3-f7619e885fb8" testId="9f1f1ae2-d2b6-115a-e0de-e08cc832815c" testName="TwoDifferentBooksShouldGiveFivePercentDiscount" computerName="MACBOOKVM" duration="00:00:00.2629457" startTime="2010-01-31T09:04:17.9726562-02:00" endTime="2010-01-31T09:04:19.3652344-02:00" testType="13cdc9d9-ddb5-4fa4-a97d-d965ccfc6d4b" outcome="Failed" testListId="8c84fa94-04c1-424b-9868-57a2d4851a1d" relativeResultsDirectory="f5036b57-1e25-4075-9db3-f7619e885fb8">
      <Output>
        <ErrorInfo>
          <Message>Assert.AreEqual failed. Expected:&lt;15,20&gt;. Actual:&lt;7,60&gt;. </Message>
          <StackTrace>   at PotterDomainTest.BasketDiscountsTest.TwoDifferentBooksShouldGiveFivePercentDiscount() in C:\Users\Rogério Augusto\documents\visual studio 2010\Projects\Potter\PotterDomainTest\Basket\BasketDiscountsTest.cs:line 33
</StackTrace>
        </ErrorInfo>
      </Output>
    </UnitTestResult>
  </Results>
</TestRun>